
> vermeg@0.0.0 build
> ng build

node.exe : - Building...
At line:1 char:1
+ & "C:\Program 
Files\nodejs/node.exe" "C:\Program 
Files\nodejs/node_mo ...
+ ~~~~~~~~~~~~~~~~~~~~~~~~~~~~~~~~~~~
~~~~~~~~~~~~~~~~~~~~~~~~~~~~~~~~~~
    + CategoryInfo          : 
NotSpec    ified: (- 
Building...:String) [],     
RemoteException
    + FullyQualifiedErrorId : 
NativeC    ommandError
 

Application bundle generation failed. [23.189 seconds]

Γû▓ [WARNING] NG8107: The left side 
of this optional chain operation 
does not include 'null' or 
'undefined' in its type, therefore 
the '?.' operator can be replaced 
with the '.' operator. [plugin 
angular-compiler]

    src/app/admin/pack-detail/pack-de
tail.component.html:13:47:
      13 Γöé           <h2 class="h3 
mb-0 fw-bold">{{ pack?.nomPack 
}}</h2>
         Γò╡                         
                       ~~~~~~~

  Error occurs in the template of 
component PackDetailComponent.

    src/app/admin/pack-detail/pack-de
tail.component.ts:9:15:
      9 Γöé   templateUrl: 
'./pack-detail.component.html',
        Γò╡                
~~~~~~~~~~~~~~~~~~~~~~~~~~~~~~


Γû▓ [WARNING] NG8107: The left side 
of this optional chain operation 
does not include 'null' or 
'undefined' in its type, therefore 
the '?.' operator can be replaced 
with the '.' operator. [plugin 
angular-compiler]

    src/app/admin/pack-detail/pack-de
tail.component.html:14:52:
      14 Γöé ...      <p 
class="text-muted small mb-0">{{ 
pack?.description }}</p>
         Γò╡                         
                           
~~~~~~~~~~~

  Error occurs in the template of 
component PackDetailComponent.

    src/app/admin/pack-detail/pack-de
tail.component.ts:9:15:
      9 Γöé   templateUrl: 
'./pack-detail.component.html',
        Γò╡                
~~~~~~~~~~~~~~~~~~~~~~~~~~~~~~


Γû▓ [WARNING] NG8107: The left side 
of this optional chain operation 
does not include 'null' or 
'undefined' in its type, therefore 
the '?.' operator can be replaced 
with the '.' operator. [plugin 
angular-compiler]

    src/app/admin/pack-detail/pack-de
tail.component.html:20:38:
      20 Γöé         <dd 
class="col-sm-9">{{ pack?.idPack || 
'-' }}</dd>
         Γò╡                         
              ~~~~~~

  Error occurs in the template of 
component PackDetailComponent.

    src/app/admin/pack-detail/pack-de
tail.component.ts:9:15:
      9 Γöé   templateUrl: 
'./pack-detail.component.html',
        Γò╡                
~~~~~~~~~~~~~~~~~~~~~~~~~~~~~~


Γû▓ [WARNING] NG8107: The left side 
of this optional chain operation 
does not include 'null' or 
'undefined' in its type, therefore 
the '?.' operator can be replaced 
with the '.' operator. [plugin 
angular-compiler]

    src/app/admin/pack-detail/pack-de
tail.component.html:23:38:
      23 Γöé         <dd 
class="col-sm-9">{{ pack?.nomPack 
}}</dd>
         Γò╡                         
              ~~~~~~~

  Error occurs in the template of 
component PackDetailComponent.

    src/app/admin/pack-detail/pack-de
tail.component.ts:9:15:
      9 Γöé   templateUrl: 
'./pack-detail.component.html',
        Γò╡                
~~~~~~~~~~~~~~~~~~~~~~~~~~~~~~


Γû▓ [WARNING] NG8107: The left side 
of this optional chain operation 
does not include 'null' or 
'undefined' in its type, therefore 
the '?.' operator can be replaced 
with the '.' operator. [plugin 
angular-compiler]

    src/app/admin/pack-detail/pack-de
tail.component.html:25:38:
      25 Γöé         <dd 
class="col-sm-9">{{ 
pack?.description || '-' }}</dd>
         Γò╡                         
              ~~~~~~~~~~~

  Error occurs in the template of 
component PackDetailComponent.

    src/app/admin/pack-detail/pack-de
tail.component.ts:9:15:
      9 Γöé   templateUrl: 
'./pack-detail.component.html',
        Γò╡                
~~~~~~~~~~~~~~~~~~~~~~~~~~~~~~


Γû▓ [WARNING] NG8107: The left side 
of this optional chain operation 
does not include 'null' or 
'undefined' in its type, therefore 
the '?.' operator can be replaced 
with the '.' operator. [plugin 
angular-compiler]

    src/app/admin/pack-detail/pack-de
tail.component.html:27:38:
      27 Γöé ... class="col-sm-9">{{ 
pack?.prixMensuel | number:'1.2-2' 
}} DT</dd>
         Γò╡                         
      ~~~~~~~~~~~

  Error occurs in the template of 
component PackDetailComponent.

    src/app/admin/pack-detail/pack-de
tail.component.ts:9:15:
      9 Γöé   templateUrl: 
'./pack-detail.component.html',
        Γò╡                
~~~~~~~~~~~~~~~~~~~~~~~~~~~~~~


Γû▓ [WARNING] NG8107: The left side 
of this optional chain operation 
does not include 'null' or 
'undefined' in its type, therefore 
the '?.' operator can be replaced 
with the '.' operator. [plugin 
angular-compiler]

    src/app/admin/pack-detail/pack-de
tail.component.html:29:38:
      29 Γöé         <dd 
class="col-sm-9">{{ 
pack?.dureeMinContrat }} mois</dd>
         Γò╡                         
              ~~~~~~~~~~~~~~~

  Error occurs in the template of 
component PackDetailComponent.

    src/app/admin/pack-detail/pack-de
tail.component.ts:9:15:
      9 Γöé   templateUrl: 
'./pack-detail.component.html',
        Γò╡                
~~~~~~~~~~~~~~~~~~~~~~~~~~~~~~


Γû▓ [WARNING] NG8107: The left side 
of this optional chain operation 
does not include 'null' or 
'undefined' in its type, therefore 
the '?.' operator can be replaced 
with the '.' operator. [plugin 
angular-compiler]

    src/app/admin/pack-detail/pack-de
tail.component.html:31:38:
      31 Γöé         <dd 
class="col-sm-9">{{ 
pack?.dureeMaxContrat }} mois</dd>
         Γò╡                         
              ~~~~~~~~~~~~~~~

  Error occurs in the template of 
component PackDetailComponent.

    src/app/admin/pack-detail/pack-de
tail.component.ts:9:15:
      9 Γöé   templateUrl: 
'./pack-detail.component.html',
        Γò╡                
~~~~~~~~~~~~~~~~~~~~~~~~~~~~~~


Γû▓ [WARNING] NG8107: The left side 
of this optional chain operation 
does not include 'null' or 
'undefined' in its type, therefore 
the '?.' operator can be replaced 
with the '.' operator. [plugin 
angular-compiler]

    src/app/admin/pack-detail/pack-de
tail.component.html:34:52:
      34 Γöé ...adge 
bg-secondary">{{ 
pack?.niveauCouverture | uppercase 
}}</span>
         Γò╡                         
       ~~~~~~~~~~~~~~~~

  Error occurs in the template of 
component PackDetailComponent.

    src/app/admin/pack-detail/pack-de
tail.component.ts:9:15:
      9 Γöé   templateUrl: 
'./pack-detail.component.html',
        Γò╡                
~~~~~~~~~~~~~~~~~~~~~~~~~~~~~~


Γû▓ [WARNING] NG8107: The left side 
of this optional chain operation 
does not include 'null' or 
'undefined' in its type, therefore 
the '?.' operator can be replaced 
with the '.' operator. [plugin 
angular-compiler]

    src/app/admin/pack-detail/pack-de
tail.component.html:37:54:
      37 Γöé ...ass="col-sm-9">{{ 
getProduitNames(pack?.produitsIds || 
[]) }}</dd>
         Γò╡                         
                   ~~~~~~~~~~~

  Error occurs in the template of 
component PackDetailComponent.

    src/app/admin/pack-detail/pack-de
tail.component.ts:9:15:
      9 Γöé   templateUrl: 
'./pack-detail.component.html',
        Γò╡                
~~~~~~~~~~~~~~~~~~~~~~~~~~~~~~


Γû▓ [WARNING] NG8107: The left side 
of this optional chain operation 
does not include 'null' or 
'undefined' in its type, therefore 
the '?.' operator can be replaced 
with the '.' operator. [plugin 
angular-compiler]

    src/app/admin/pack-detail/pack-de
tail.component.html:40:38:
      40 Γöé ...class="col-sm-9">{{ 
pack?.produitsIds?.length ? 
pack?.produitsI...
         Γò╡                         
     ~~~~~~~~~~~

  Error occurs in the template of 
component PackDetailComponent.

    src/app/admin/pack-detail/pack-de
tail.component.ts:9:15:
      9 Γöé   templateUrl: 
'./pack-detail.component.html',
        Γò╡                
~~~~~~~~~~~~~~~~~~~~~~~~~~~~~~


Γû▓ [WARNING] NG8107: The left side 
of this optional chain operation 
does not include 'null' or 
'undefined' in its type, therefore 
the '?.' operator can be replaced 
with the '.' operator. [plugin 
angular-compiler]

    src/app/admin/pack-detail/pack-de
tail.component.html:40:66:
      40 Γöé ...oduitsIds?.length ? 
pack?.produitsIds?.join(', ') : 
'Aucun' }}<...
         Γò╡                         
     ~~~~~~~~~~~

  Error occurs in the template of 
component PackDetailComponent.

    src/app/admin/pack-detail/pack-de
tail.component.ts:9:15:
      9 Γöé   templateUrl: 
'./pack-detail.component.html',
        Γò╡                
~~~~~~~~~~~~~~~~~~~~~~~~~~~~~~


Γû▓ [WARNING] NG8107: The left side 
of this optional chain operation 
does not include 'null' or 
'undefined' in its type, therefore 
the '?.' operator can be replaced 
with the '.' operator. [plugin 
angular-compiler]

    src/app/admin/pack-detail/pack-de
tail.component.html:43:38:
      43 Γöé ...class="col-sm-9">{{ 
pack?.dateCreation ? 
(pack?.dateCreation | ...
         Γò╡                         
     ~~~~~~~~~~~~

  Error occurs in the template of 
component PackDetailComponent.

    src/app/admin/pack-detail/pack-de
tail.component.ts:9:15:
      9 Γöé   templateUrl: 
'./pack-detail.component.html',
        Γò╡                
~~~~~~~~~~~~~~~~~~~~~~~~~~~~~~


Γû▓ [WARNING] NG8107: The left side 
of this optional chain operation 
does not include 'null' or 
'undefined' in its type, therefore 
the '?.' operator can be replaced 
with the '.' operator. [plugin 
angular-compiler]

    src/app/admin/pack-detail/pack-de
tail.component.html:43:60:
      43 Γöé ...ck?.dateCreation ? 
(pack?.dateCreation | 
date:'dd/MM/yyyy HH:mm...
         Γò╡                         
     ~~~~~~~~~~~~

  Error occurs in the template of 
component PackDetailComponent.

    src/app/admin/pack-detail/pack-de
tail.component.ts:9:15:
      9 Γöé   templateUrl: 
'./pack-detail.component.html',
        Γò╡                
~~~~~~~~~~~~~~~~~~~~~~~~~~~~~~


Γû▓ [WARNING] NG8107: The left side 
of this optional chain operation 
does not include 'null' or 
'undefined' in its type, therefore 
the '?.' operator can be replaced 
with the '.' operator. [plugin 
angular-compiler]

    src/app/admin/pack-detail/pack-de
tail.component.html:47:47:
      47 Γöé ...lass="badge" 
[ngClass]="pack?.actif ? 
'bg-success' : 'bg-danger'">
         Γò╡                         
         ~~~~~

  Error occurs in the template of 
component PackDetailComponent.

    src/app/admin/pack-detail/pack-de
tail.component.ts:9:15:
      9 Γöé   templateUrl: 
'./pack-detail.component.html',
        Γò╡                
~~~~~~~~~~~~~~~~~~~~~~~~~~~~~~


Γû▓ [WARNING] NG8107: The left side 
of this optional chain operation 
does not include 'null' or 
'undefined' in its type, therefore 
the '?.' operator can be replaced 
with the '.' operator. [plugin 
angular-compiler]

    src/app/admin/pack-detail/pack-de
tail.component.html:48:21:
      48 Γöé             {{ 
pack?.actif ? 'Actif' : 'Inactif' }}
         Γò╡                      
~~~~~

  Error occurs in the template of 
component PackDetailComponent.

    src/app/admin/pack-detail/pack-de
tail.component.ts:9:15:
      9 Γöé   templateUrl: 
'./pack-detail.component.html',
        Γò╡                
~~~~~~~~~~~~~~~~~~~~~~~~~~~~~~


Γû▓ [WARNING] NG8107: The left side 
of this optional chain operation 
does not include 'null' or 
'undefined' in its type, therefore 
the '?.' operator can be replaced 
with the '.' operator. [plugin 
angular-compiler]

    src/app/admin/produit-detail/prod
uit-detail.component.html:15:38:
      15 Γöé       <h2 class="h4 
mb-3">{{ produit?.nomProduit }}</h2>
         Γò╡                         
              ~~~~~~~~~~

  Error occurs in the template of 
component ProduitDetailComponent.

    src/app/admin/produit-detail/prod
uit-detail.component.ts:10:15:
      10 Γöé   templateUrl: 
'./produit-detail.component.html',
         Γò╡                
~~~~~~~~~~~~~~~~~~~~~~~~~~~~~~~~~


Γû▓ [WARNING] NG8107: The left side 
of this optional chain operation 
does not include 'null' or 
'undefined' in its type, therefore 
the '?.' operator can be replaced 
with the '.' operator. [plugin 
angular-compiler]

    src/app/admin/produit-detail/prod
uit-detail.component.html:16:40:
      16 Γöé       <p 
class="text-muted">{{ 
produit?.description }}</p>
         Γò╡                         
                ~~~~~~~~~~~

  Error occurs in the template of 
component ProduitDetailComponent.

    src/app/admin/produit-detail/prod
uit-detail.component.ts:10:15:
      10 Γöé   templateUrl: 
'./produit-detail.component.html',
         Γò╡                
~~~~~~~~~~~~~~~~~~~~~~~~~~~~~~~~~


Γû▓ [WARNING] NG8107: The left side 
of this optional chain operation 
does not include 'null' or 
'undefined' in its type, therefore 
the '?.' operator can be replaced 
with the '.' operator. [plugin 
angular-compiler]

    src/app/admin/produit-detail/prod
uit-detail.component.html:20:41:
      20 Γöé         <dd 
class="col-sm-9">{{ 
produit?.idProduit || '-' }}</dd>
         Γò╡                         
                 ~~~~~~~~~

  Error occurs in the template of 
component ProduitDetailComponent.

    src/app/admin/produit-detail/prod
uit-detail.component.ts:10:15:
      10 Γöé   templateUrl: 
'./produit-detail.component.html',
         Γò╡                
~~~~~~~~~~~~~~~~~~~~~~~~~~~~~~~~~


Γû▓ [WARNING] NG8107: The left side 
of this optional chain operation 
does not include 'null' or 
'undefined' in its type, therefore 
the '?.' operator can be replaced 
with the '.' operator. [plugin 
angular-compiler]

    src/app/admin/produit-detail/prod
uit-detail.component.html:23:41:
      23 Γöé         <dd 
class="col-sm-9">{{ 
produit?.nomProduit }}</dd>
         Γò╡                         
                 ~~~~~~~~~~

  Error occurs in the template of 
component ProduitDetailComponent.

    src/app/admin/produit-detail/prod
uit-detail.component.ts:10:15:
      10 Γöé   templateUrl: 
'./produit-detail.component.html',
         Γò╡                
~~~~~~~~~~~~~~~~~~~~~~~~~~~~~~~~~


Γû▓ [WARNING] NG8107: The left side 
of this optional chain operation 
does not include 'null' or 
'undefined' in its type, therefore 
the '?.' operator can be replaced 
with the '.' operator. [plugin 
angular-compiler]

    src/app/admin/produit-detail/prod
uit-detail.component.html:26:41:
      26 Γöé         <dd 
class="col-sm-9">{{ 
produit?.description || '-' }}</dd>
         Γò╡                         
                 ~~~~~~~~~~~

  Error occurs in the template of 
component ProduitDetailComponent.

    src/app/admin/produit-detail/prod
uit-detail.component.ts:10:15:
      10 Γöé   templateUrl: 
'./produit-detail.component.html',
         Γò╡                
~~~~~~~~~~~~~~~~~~~~~~~~~~~~~~~~~


Γû▓ [WARNING] NG8107: The left side 
of this optional chain operation 
does not include 'null' or 
'undefined' in its type, therefore 
the '?.' operator can be replaced 
with the '.' operator. [plugin 
angular-compiler]

    src/app/admin/produit-detail/prod
uit-detail.component.html:29:41:
      29 Γöé ... class="col-sm-9">{{ 
produit?.prixBase | number:'1.2-2' 
}} DT</dd>
         Γò╡                         
         ~~~~~~~~

  Error occurs in the template of 
component ProduitDetailComponent.

    src/app/admin/produit-detail/prod
uit-detail.component.ts:10:15:
      10 Γöé   templateUrl: 
'./produit-detail.component.html',
         Γò╡                
~~~~~~~~~~~~~~~~~~~~~~~~~~~~~~~~~


Γû▓ [WARNING] NG8107: The left side 
of this optional chain operation 
does not include 'null' or 
'undefined' in its type, therefore 
the '?.' operator can be replaced 
with the '.' operator. [plugin 
angular-compiler]

    src/app/admin/produit-detail/prod
uit-detail.component.html:32:41:
      32 Γöé ...class="col-sm-9">{{ 
produit?.ageMin }} - {{ 
produit?.ageMax }} ...
         Γò╡                         
        ~~~~~~

  Error occurs in the template of 
component ProduitDetailComponent.

    src/app/admin/produit-detail/prod
uit-detail.component.ts:10:15:
      10 Γöé   templateUrl: 
'./produit-detail.component.html',
         Γò╡                
~~~~~~~~~~~~~~~~~~~~~~~~~~~~~~~~~


Γû▓ [WARNING] NG8107: The left side 
of this optional chain operation 
does not include 'null' or 
'undefined' in its type, therefore 
the '?.' operator can be replaced 
with the '.' operator. [plugin 
angular-compiler]

    src/app/admin/produit-detail/prod
uit-detail.component.html:32:65:
      32 Γöé ...="col-sm-9">{{ 
produit?.ageMin }} - {{ 
produit?.ageMax }} ans</dd>
         Γò╡                         
                           ~~~~~~

  Error occurs in the template of 
component ProduitDetailComponent.

    src/app/admin/produit-detail/prod
uit-detail.component.ts:10:15:
      10 Γöé   templateUrl: 
'./produit-detail.component.html',
         Γò╡                
~~~~~~~~~~~~~~~~~~~~~~~~~~~~~~~~~


Γû▓ [WARNING] NG8107: The left side 
of this optional chain operation 
does not include 'null' or 
'undefined' in its type, therefore 
the '?.' operator can be replaced 
with the '.' operator. [plugin 
angular-compiler]

    src/app/admin/produit-detail/prod
uit-detail.component.html:35:59:
      35 Γöé ...ol-sm-9">{{ getGarant
iesNames(produit?.garantiesIds || 
[]) }}</dd>
         Γò╡                         
                  ~~~~~~~~~~~~

  Error occurs in the template of 
component ProduitDetailComponent.

    src/app/admin/produit-detail/prod
uit-detail.component.ts:10:15:
      10 Γöé   templateUrl: 
'./produit-detail.component.html',
         Γò╡                
~~~~~~~~~~~~~~~~~~~~~~~~~~~~~~~~~


Γû▓ [WARNING] NG8107: The left side 
of this optional chain operation 
does not include 'null' or 
'undefined' in its type, therefore 
the '?.' operator can be replaced 
with the '.' operator. [plugin 
angular-compiler]

    src/app/admin/produit-detail/prod
uit-detail.component.html:38:41:
      38 Γöé ...ss="col-sm-9">{{ 
produit?.garantiesIds?.length ? 
produit?.garan...
         Γò╡                         
     ~~~~~~~~~~~~

  Error occurs in the template of 
component ProduitDetailComponent.

    src/app/admin/produit-detail/prod
uit-detail.component.ts:10:15:
      10 Γöé   templateUrl: 
'./produit-detail.component.html',
         Γò╡                
~~~~~~~~~~~~~~~~~~~~~~~~~~~~~~~~~


Γû▓ [WARNING] NG8107: The left side 
of this optional chain operation 
does not include 'null' or 
'undefined' in its type, therefore 
the '?.' operator can be replaced 
with the '.' operator. [plugin 
angular-compiler]

    src/app/admin/produit-detail/prod
uit-detail.component.html:38:73:
      38 Γöé ...iesIds?.length ? 
produit?.garantiesIds?.join(', ') : 
'Aucune' }...
         Γò╡                         
     ~~~~~~~~~~~~

  Error occurs in the template of 
component ProduitDetailComponent.

    src/app/admin/produit-detail/prod
uit-detail.component.ts:10:15:
      10 Γöé   templateUrl: 
'./produit-detail.component.html',
         Γò╡                
~~~~~~~~~~~~~~~~~~~~~~~~~~~~~~~~~


Γû▓ [WARNING] NG8107: The left side 
of this optional chain operation 
does not include 'null' or 
'undefined' in its type, therefore 
the '?.' operator can be replaced 
with the '.' operator. [plugin 
angular-compiler]

    src/app/admin/produit-detail/prod
uit-detail.component.html:41:41:
      41 Γöé ...-sm-9">{{ 
produit?.maladieChroniqueAutorisee ? 
'Oui' : 'Non' }}...
         Γò╡                       
~~~~~~~~~~~~~~~~~~~~~~~~~

  Error occurs in the template of 
component ProduitDetailComponent.

    src/app/admin/produit-detail/prod
uit-detail.component.ts:10:15:
      10 Γöé   templateUrl: 
'./produit-detail.component.html',
         Γò╡                
~~~~~~~~~~~~~~~~~~~~~~~~~~~~~~~~~


Γû▓ [WARNING] NG8107: The left side 
of this optional chain operation 
does not include 'null' or 
'undefined' in its type, therefore 
the '?.' operator can be replaced 
with the '.' operator. [plugin 
angular-compiler]

    src/app/admin/produit-detail/prod
uit-detail.component.html:44:41:
      44 Γöé ...="col-sm-9">{{ 
produit?.diabetiqueAutorise ? 'Oui' 
: 'Non' }}</dd>
         Γò╡                         
   ~~~~~~~~~~~~~~~~~~

  Error occurs in the template of 
component ProduitDetailComponent.

    src/app/admin/produit-detail/prod
uit-detail.component.ts:10:15:
      10 Γöé   templateUrl: 
'./produit-detail.component.html',
         Γò╡                
~~~~~~~~~~~~~~~~~~~~~~~~~~~~~~~~~


Γû▓ [WARNING] NG8107: The left side 
of this optional chain operation 
does not include 'null' or 
'undefined' in its type, therefore 
the '?.' operator can be replaced 
with the '.' operator. [plugin 
angular-compiler]

    src/app/admin/produit-detail/prod
uit-detail.component.html:47:63:
      47 Γöé ...dd class="col-sm-9" 
*ngIf="produit?.type">{{ 
produit?.type }}</dd>
         Γò╡                         
                                 ~~~~

  Error occurs in the template of 
component ProduitDetailComponent.

    src/app/admin/produit-detail/prod
uit-detail.component.ts:10:15:
      10 Γöé   templateUrl: 
'./produit-detail.component.html',
         Γò╡                
~~~~~~~~~~~~~~~~~~~~~~~~~~~~~~~~~


Γû▓ [WARNING] NG8107: The left side 
of this optional chain operation 
does not include 'null' or 
'undefined' in its type, therefore 
the '?.' operator can be replaced 
with the '.' operator. [plugin 
angular-compiler]

    src/app/admin/produit-detail/prod
uit-detail.component.html:50:83:
      50 Γöé ...produit?.couverture 
!== undefined">{{ 
produit?.couverture }}%</dd>
         Γò╡                         
                          ~~~~~~~~~~

  Error occurs in the template of 
component ProduitDetailComponent.

    src/app/admin/produit-detail/prod
uit-detail.component.ts:10:15:
      10 Γöé   templateUrl: 
'./produit-detail.component.html',
         Γò╡                
~~~~~~~~~~~~~~~~~~~~~~~~~~~~~~~~~


Γû▓ [WARNING] NG8107: The left side 
of this optional chain operation 
does not include 'null' or 
'undefined' in its type, therefore 
the '?.' operator can be replaced 
with the '.' operator. [plugin 
angular-compiler]

    src/app/admin/produit-detail/prod
uit-detail.component.html:53:67:
      53 Γöé ...="col-sm-9" 
*ngIf="produit?.dureeMax">{{ 
produit?.dureeMax }}</dd>
         Γò╡                         
                             ~~~~~~~~

  Error occurs in the template of 
component ProduitDetailComponent.

    src/app/admin/produit-detail/prod
uit-detail.component.ts:10:15:
      10 Γöé   templateUrl: 
'./produit-detail.component.html',
         Γò╡                
~~~~~~~~~~~~~~~~~~~~~~~~~~~~~~~~~


Γû▓ [WARNING] NG8107: The left side 
of this optional chain operation 
does not include 'null' or 
'undefined' in its type, therefore 
the '?.' operator can be replaced 
with the '.' operator. [plugin 
angular-compiler]

    src/app/admin/produit-detail/prod
uit-detail.component.html:56:69:
      56 Γöé ...l-sm-9" 
*ngIf="produit?.conditions">{{ 
produit?.conditions }}</dd>
         Γò╡                         
                           ~~~~~~~~~~

  Error occurs in the template of 
component ProduitDetailComponent.

    src/app/admin/produit-detail/prod
uit-detail.component.ts:10:15:
      10 Γöé   templateUrl: 
'./produit-detail.component.html',
         Γò╡                
~~~~~~~~~~~~~~~~~~~~~~~~~~~~~~~~~


Γû▓ [WARNING] NG8107: The left side 
of this optional chain operation 
does not include 'null' or 
'undefined' in its type, therefore 
the '?.' operator can be replaced 
with the '.' operator. [plugin 
angular-compiler]

    src/app/admin/produit-detail/prod
uit-detail.component.html:59:41:
      59 Γöé ...ss="col-sm-9">{{ 
produit?.dateCreation ? 
(produit?.dateCreation...
         Γò╡                         
     ~~~~~~~~~~~~

  Error occurs in the template of 
component ProduitDetailComponent.

    src/app/admin/produit-detail/prod
uit-detail.component.ts:10:15:
      10 Γöé   templateUrl: 
'./produit-detail.component.html',
         Γò╡                
~~~~~~~~~~~~~~~~~~~~~~~~~~~~~~~~~


Γû▓ [WARNING] NG8107: The left side 
of this optional chain operation 
does not include 'null' or 
'undefined' in its type, therefore 
the '?.' operator can be replaced 
with the '.' operator. [plugin 
angular-compiler]

    src/app/admin/produit-detail/prod
uit-detail.component.html:59:66:
      59 Γöé ....dateCreation ? 
(produit?.dateCreation | 
date:'dd/MM/yyyy HH:mm...
         Γò╡                         
     ~~~~~~~~~~~~

  Error occurs in the template of 
component ProduitDetailComponent.

    src/app/admin/produit-detail/prod
uit-detail.component.ts:10:15:
      10 Γöé   templateUrl: 
'./produit-detail.component.html',
         Γò╡                
~~~~~~~~~~~~~~~~~~~~~~~~~~~~~~~~~


Γû▓ [WARNING] NG8107: The left side 
of this optional chain operation 
does not include 'null' or 
'undefined' in its type, therefore 
the '?.' operator can be replaced 
with the '.' operator. [plugin 
angular-compiler]

    src/app/admin/produit-detail/prod
uit-detail.component.html:63:50:
      63 Γöé ...s="badge" 
[ngClass]="produit?.actif ? 
'bg-success' : 'bg-danger'">
         Γò╡                         
         ~~~~~

  Error occurs in the template of 
component ProduitDetailComponent.

    src/app/admin/produit-detail/prod
uit-detail.component.ts:10:15:
      10 Γöé   templateUrl: 
'./produit-detail.component.html',
         Γò╡                
~~~~~~~~~~~~~~~~~~~~~~~~~~~~~~~~~


Γû▓ [WARNING] NG8107: The left side 
of this optional chain operation 
does not include 'null' or 
'undefined' in its type, therefore 
the '?.' operator can be replaced 
with the '.' operator. [plugin 
angular-compiler]

    src/app/admin/produit-detail/prod
uit-detail.component.html:64:24:
      64 Γöé             {{ 
produit?.actif ? 'Actif' : 'Inactif' 
}}
         Γò╡                         
~~~~~

  Error occurs in the template of 
component ProduitDetailComponent.

    src/app/admin/produit-detail/prod
uit-detail.component.ts:10:15:
      10 Γöé   templateUrl: 
'./produit-detail.component.html',
         Γò╡                
~~~~~~~~~~~~~~~~~~~~~~~~~~~~~~~~~


X [ERROR] NG5002: Unexpected closing 
tag "button". It may happen when the 
tag has already been closed by 
another tag. For more info see https:
//www.w3.org/TR/html5/syntax.html#clo
sing-elements-that-have-implied-end-t
ags [plugin angular-compiler]

    src/app/admin/manage-produit/mana
ge-produit.component.html:79:129:
      79 Γöé ...text 
p-button-secondary me-2" 
(click)="showForm = false"></button>
         Γò╡                         
                                    
~~~~~~~~~

  Error occurs in the template of 
component ManageProduitComponent.

    src/app/admin/manage-produit/mana
ge-produit.component.ts:11:15:
      11 Γöé   templateUrl: 
'./manage-produit.component.html',
         Γò╡                
~~~~~~~~~~~~~~~~~~~~~~~~~~~~~~~~~


X [ERROR] NG5002: Unexpected closing 
tag "div". It may happen when the 
tag has already been closed by 
another tag. For more info see https:
//www.w3.org/TR/html5/syntax.html#clo
sing-elements-that-have-implied-end-t
ags [plugin angular-compiler]

    src/app/admin/manage-produit/mana
ge-produit.component.html:81:6:
      81 Γöé       </div>
         Γò╡       ~~~~~~

  Error occurs in the template of 
component ManageProduitComponent.

    src/app/admin/manage-produit/mana
ge-produit.component.ts:11:15:
      11 Γöé   templateUrl: 
'./manage-produit.component.html',
         Γò╡                
~~~~~~~~~~~~~~~~~~~~~~~~~~~~~~~~~


